// Jest Snapshot v1, https://goo.gl/fbAQLP

exports[`Entry renders correctly 1`] = `
<View
  accessibilityState={
    {
      "busy": undefined,
      "checked": undefined,
      "disabled": undefined,
      "expanded": undefined,
      "selected": undefined,
    }
  }
  accessibilityValue={
    {
      "max": undefined,
      "min": undefined,
      "now": undefined,
      "text": undefined,
    }
  }
  accessible={true}
  collapsable={false}
  focusable={true}
  onClick={[Function]}
  onResponderGrant={[Function]}
  onResponderMove={[Function]}
  onResponderRelease={[Function]}
  onResponderTerminate={[Function]}
  onResponderTerminationRequest={[Function]}
  onStartShouldSetResponder={[Function]}
  style={
    {
      "alignItems": "center",
      "borderBottomColor": "#d9dfe3",
      "borderBottomWidth": 1,
      "display": "flex",
      "flexDirection": "row",
      "gap": 12,
      "minHeight": 57,
      "opacity": 1,
      "paddingHorizontal": 18,
      "paddingVertical": 13,
      "width": "100%",
    }
  }
  testID="entry-component-1"
>
  <View
    style={
      [
        {
          "alignItems": "center",
          "borderRadius": 13,
          "borderWidth": 2,
          "flexShrink": 0,
          "height": 25,
          "justifyContent": "center",
          "width": 25,
        },
        {
          "borderColor": "#026fd7",
        },
      ]
    }
  />
  <Text
    style={
      [
        {
          "color": "#0e171e",
        },
        {
          "fontSize": 16,
          "lineHeight": 24,
        },
        [
          {
            "flex": 1,
            "fontSize": 18,
          },
          [
            {
              "textDecorationLine": "none",
            },
            {
              "color": "#0e171e",
            },
          ],
        ],
      ]
    }
  />
</View>
`;
