// Jest Snapshot v1, https://goo.gl/fbAQLP

exports[`renders correctly 1`] = `
<View
  accessibilityState={
    {
      "busy": undefined,
      "checked": undefined,
      "disabled": undefined,
      "expanded": undefined,
      "selected": undefined,
    }
  }
  accessibilityValue={
    {
      "max": undefined,
      "min": undefined,
      "now": undefined,
      "text": undefined,
    }
  }
  accessible={true}
  collapsable={false}
  focusable={true}
  onClick={[Function]}
  onResponderGrant={[Function]}
  onResponderMove={[Function]}
  onResponderRelease={[Function]}
  onResponderTerminate={[Function]}
  onResponderTerminationRequest={[Function]}
  onStartShouldSetResponder={[Function]}
  style={
    {
      "alignItems": "center",
      "backgroundColor": "#2e2e2e",
      "borderBlockColor": "gray",
      "borderTopWidth": 1,
      "display": "flex",
      "flexDirection": "row",
      "height": 60,
      "opacity": 1,
      "paddingLeft": 15,
      "width": "100%",
    }
  }
>
  <Text />
  <Text
    style={
      [
        {
          "color": "#11181C",
        },
        {
          "fontSize": 16,
          "fontWeight": "600",
          "lineHeight": 24,
        },
        [
          {
            "flex": 1,
            "left": 20,
          },
          [
            {
              "color": "white",
              "textDecorationLine": "none",
            },
          ],
        ],
      ]
    }
  />
</View>
`;
